error[E0277]: the trait bound `False: DiscriminantInRange` is not satisfied
 --> tests/09-variant-out-of-range.rs:8:10
  |
8 | #[derive(BitfieldSpecifier)]
  |          ^^^^^^^^^^^^^^^^^ the trait `DiscriminantInRange` is not implemented for `False`
  |
  = help: the trait `DiscriminantInRange` is implemented for `True`
  = help: see issue #48214
  = note: this error originates in the derive macro `BitfieldSpecifier` (in Nightly builds, run with -Z macro-backtrace for more info)
